// Jest Snapshot v1, https://goo.gl/fbAQLP

exports[`QRCode should render 1`] = `
<Component
  style={
    Object {
      "backgroundColor": "#FFFFFF",
      "borderRadius": 5.618309859154929,
      "padding": 14.045774647887324,
    }
  }
>
  <QRCode
    bgColor="#FFFFFF"
    fgColor="#25292C"
    size={333.5}
  />
</Component>
`;
